2025-10-20 20:56:12 | GV1_NL_COT_P01 | === Agent P01 (GV1_NL_COT) initialized ===
2025-10-20 20:56:12 | GV1_NL_COT_P01 | [UPDATE-SUMMARY] Processed 0 market events at time 0.4
2025-10-20 20:56:12 | GV1_NL_COT_P01 | === BELIEF GRAPH STATE AT TIME 0.4 ===
2025-10-20 20:56:12 | GV1_NL_COT_P01 | {
  "MarketState": {
    "current_bid": 1,
    "current_ask": null,
    "time_remaining": 0
  },
  "My_Trading_Beliefs": {
    "My_Market_Direction": {
      "actual_signals_I_see": "mixed_price_movements",
      "my_self_belief": {
        "possible_directions": [
          "up",
          "down",
          "sideways"
        ]
      }
    },
    "My_Optimal_Entry_Price": {
      "actual_situation_I_face": "volatile_spreads",
      "my_self_belief": {
        "possible_prices": [
          75,
          80,
          85,
          90,
          95,
          100,
          105,
          110,
          115,
          120,
          125,
          130,
          135,
          140,
          145,
          150,
          155,
          160,
          165,
          170,
          175,
          180,
          185,
          190,
          195,
          200
        ]
      }
    },
    "My_Time_Urgency": {
      "actual_situation_I_face": "urgent_time_pressure",
      "my_self_belief": {
        "possible_urgency": [
          "medium",
          "high"
        ]
      }
    }
  },
  "Competitor_Trading_Beliefs": {}
}
2025-10-20 20:56:12 | GV1_NL_COT_P01 | ================================================================================
2025-10-20 20:56:12 | GV1_NL_COT_P01 | [AGENTS-TRACKED] Currently tracking 1 agents: ['P01']
2025-10-20 20:56:12 | GV1_NL_COT_P01 | [UPDATE-SUMMARY] Processed 0 market events at time 0.6
2025-10-20 20:56:12 | GV1_NL_COT_P01 | === BELIEF GRAPH STATE AT TIME 0.6 ===
2025-10-20 20:56:12 | GV1_NL_COT_P01 | {
  "MarketState": {
    "current_bid": 39,
    "current_ask": null,
    "time_remaining": 0
  },
  "My_Trading_Beliefs": {
    "My_Market_Direction": {
      "actual_signals_I_see": "mixed_price_movements",
      "my_self_belief": {
        "possible_directions": [
          "up",
          "down",
          "sideways"
        ]
      }
    },
    "My_Optimal_Entry_Price": {
      "actual_situation_I_face": "volatile_spreads",
      "my_self_belief": {
        "possible_prices": [
          75,
          80,
          85,
          90,
          95,
          100,
          105,
          110,
          115,
          120,
          125,
          130,
          135,
          140,
          145,
          150,
          155,
          160,
          165,
          170,
          175,
          180,
          185,
          190,
          195,
          200
        ]
      }
    },
    "My_Time_Urgency": {
      "actual_situation_I_face": "urgent_time_pressure",
      "my_self_belief": {
        "possible_urgency": [
          "medium",
          "high"
        ]
      }
    }
  },
  "Competitor_Trading_Beliefs": {}
}
2025-10-20 20:56:12 | GV1_NL_COT_P01 | ================================================================================
2025-10-20 20:56:12 | GV1_NL_COT_P01 | [AGENTS-TRACKED] Currently tracking 1 agents: ['P01']
2025-10-20 20:56:12 | GV1_NL_COT_P01 | [UPDATE-SUMMARY] Processed 0 market events at time 0.8
2025-10-20 20:56:12 | GV1_NL_COT_P01 | === BELIEF GRAPH STATE AT TIME 0.8 ===
2025-10-20 20:56:12 | GV1_NL_COT_P01 | {
  "MarketState": {
    "current_bid": 129,
    "current_ask": null,
    "time_remaining": 0
  },
  "My_Trading_Beliefs": {
    "My_Market_Direction": {
      "actual_signals_I_see": "mixed_price_movements",
      "my_self_belief": {
        "possible_directions": [
          "up",
          "down",
          "sideways"
        ]
      }
    },
    "My_Optimal_Entry_Price": {
      "actual_situation_I_face": "volatile_spreads",
      "my_self_belief": {
        "possible_prices": [
          75,
          80,
          85,
          90,
          95,
          100,
          105,
          110,
          115,
          120,
          125,
          130,
          135,
          140,
          145,
          150,
          155,
          160,
          165,
          170,
          175,
          180,
          185,
          190,
          195,
          200
        ]
      }
    },
    "My_Time_Urgency": {
      "actual_situation_I_face": "urgent_time_pressure",
      "my_self_belief": {
        "possible_urgency": [
          "medium",
          "high"
        ]
      }
    }
  },
  "Competitor_Trading_Beliefs": {}
}
2025-10-20 20:56:12 | GV1_NL_COT_P01 | ================================================================================
2025-10-20 20:56:12 | GV1_NL_COT_P01 | [AGENTS-TRACKED] Currently tracking 1 agents: ['P01']
2025-10-20 20:56:12 | GV1_NL_COT_P01 | [UPDATE-SUMMARY] Processed 0 market events at time 1.0
2025-10-20 20:56:12 | GV1_NL_COT_P01 | === BELIEF GRAPH STATE AT TIME 1.0 ===
2025-10-20 20:56:12 | GV1_NL_COT_P01 | {
  "MarketState": {
    "current_bid": 129,
    "current_ask": null,
    "time_remaining": 0
  },
  "My_Trading_Beliefs": {
    "My_Market_Direction": {
      "actual_signals_I_see": "mixed_price_movements",
      "my_self_belief": {
        "possible_directions": [
          "up",
          "down",
          "sideways"
        ]
      }
    },
    "My_Optimal_Entry_Price": {
      "actual_situation_I_face": "volatile_spreads",
      "my_self_belief": {
        "possible_prices": [
          75,
          80,
          85,
          90,
          95,
          100,
          105,
          110,
          115,
          120,
          125,
          130,
          135,
          140,
          145,
          150,
          155,
          160,
          165,
          170,
          175,
          180,
          185,
          190,
          195,
          200
        ]
      }
    },
    "My_Time_Urgency": {
      "actual_situation_I_face": "urgent_time_pressure",
      "my_self_belief": {
        "possible_urgency": [
          "medium",
          "high"
        ]
      }
    }
  },
  "Competitor_Trading_Beliefs": {}
}
2025-10-20 20:56:12 | GV1_NL_COT_P01 | ================================================================================
2025-10-20 20:56:12 | GV1_NL_COT_P01 | [AGENTS-TRACKED] Currently tracking 1 agents: ['P01']
2025-10-20 20:56:12 | GV1_NL_COT_P01 | [UPDATE-SUMMARY] Processed 0 market events at time 1.2
2025-10-20 20:56:12 | GV1_NL_COT_P01 | === BELIEF GRAPH STATE AT TIME 1.2 ===
2025-10-20 20:56:12 | GV1_NL_COT_P01 | {
  "MarketState": {
    "current_bid": 129,
    "current_ask": 178,
    "time_remaining": 0
  },
  "My_Trading_Beliefs": {
    "My_Market_Direction": {
      "actual_signals_I_see": "wide_spread_uncertainty",
      "my_self_belief": {
        "possible_directions": [
          "up",
          "down",
          "sideways"
        ]
      }
    },
    "My_Optimal_Entry_Price": {
      "actual_situation_I_face": "high_market_prices",
      "my_self_belief": {
        "possible_prices": [
          140,
          145,
          150,
          155,
          160,
          165
        ]
      }
    },
    "My_Time_Urgency": {
      "actual_situation_I_face": "urgent_time_pressure",
      "my_self_belief": {
        "possible_urgency": [
          "medium",
          "high"
        ]
      }
    }
  },
  "Competitor_Trading_Beliefs": {}
}
2025-10-20 20:56:12 | GV1_NL_COT_P01 | ================================================================================
2025-10-20 20:56:12 | GV1_NL_COT_P01 | [AGENTS-TRACKED] Currently tracking 1 agents: ['P01']
2025-10-20 20:56:12 | GV1_NL_COT_P01 | [UPDATE-SUMMARY] Processed 0 market events at time 1.5
2025-10-20 20:56:12 | GV1_NL_COT_P01 | === BELIEF GRAPH STATE AT TIME 1.5 ===
2025-10-20 20:56:12 | GV1_NL_COT_P01 | {
  "MarketState": {
    "current_bid": 1,
    "current_ask": 178,
    "time_remaining": 0
  },
  "My_Trading_Beliefs": {
    "My_Market_Direction": {
      "actual_signals_I_see": "wide_spread_uncertainty",
      "my_self_belief": {
        "possible_directions": [
          "up",
          "down",
          "sideways"
        ]
      }
    },
    "My_Optimal_Entry_Price": {
      "actual_situation_I_face": "low_market_prices",
      "my_self_belief": {
        "possible_prices": []
      }
    },
    "My_Time_Urgency": {
      "actual_situation_I_face": "urgent_time_pressure",
      "my_self_belief": {
        "possible_urgency": [
          "medium",
          "high"
        ]
      }
    }
  },
  "Competitor_Trading_Beliefs": {}
}
2025-10-20 20:56:12 | GV1_NL_COT_P01 | ================================================================================
2025-10-20 20:56:12 | GV1_NL_COT_P01 | [AGENTS-TRACKED] Currently tracking 1 agents: ['P01']
2025-10-20 20:56:12 | GV1_NL_COT_P01 | [UPDATE-SUMMARY] Processed 0 market events at time 1.7
2025-10-20 20:56:12 | GV1_NL_COT_P01 | === BELIEF GRAPH STATE AT TIME 1.7 ===
2025-10-20 20:56:12 | GV1_NL_COT_P01 | {
  "MarketState": {
    "current_bid": 1,
    "current_ask": 177,
    "time_remaining": 0
  },
  "My_Trading_Beliefs": {
    "My_Market_Direction": {
      "actual_signals_I_see": "wide_spread_uncertainty",
      "my_self_belief": {
        "possible_directions": [
          "up",
          "down",
          "sideways"
        ]
      }
    },
    "My_Optimal_Entry_Price": {
      "actual_situation_I_face": "low_market_prices",
      "my_self_belief": {
        "possible_prices": []
      }
    },
    "My_Time_Urgency": {
      "actual_situation_I_face": "urgent_time_pressure",
      "my_self_belief": {
        "possible_urgency": [
          "medium",
          "high"
        ]
      }
    }
  },
  "Competitor_Trading_Beliefs": {}
}
2025-10-20 20:56:12 | GV1_NL_COT_P01 | ================================================================================
2025-10-20 20:56:12 | GV1_NL_COT_P01 | [AGENTS-TRACKED] Currently tracking 1 agents: ['P01']
2025-10-20 20:56:12 | GV1_NL_COT_P01 | [UPDATE-SUMMARY] Processed 0 market events at time 1.9
2025-10-20 20:56:12 | GV1_NL_COT_P01 | === BELIEF GRAPH STATE AT TIME 1.9 ===
2025-10-20 20:56:12 | GV1_NL_COT_P01 | {
  "MarketState": {
    "current_bid": 152,
    "current_ask": 178,
    "time_remaining": 0
  },
  "My_Trading_Beliefs": {
    "My_Market_Direction": {
      "actual_signals_I_see": "wide_spread_uncertainty",
      "my_self_belief": {
        "possible_directions": [
          "up",
          "down",
          "sideways"
        ]
      }
    },
    "My_Optimal_Entry_Price": {
      "actual_situation_I_face": "high_market_prices",
      "my_self_belief": {
        "possible_prices": []
      }
    },
    "My_Time_Urgency": {
      "actual_situation_I_face": "urgent_time_pressure",
      "my_self_belief": {
        "possible_urgency": [
          "medium",
          "high"
        ]
      }
    }
  },
  "Competitor_Trading_Beliefs": {}
}
2025-10-20 20:56:12 | GV1_NL_COT_P01 | ================================================================================
2025-10-20 20:56:12 | GV1_NL_COT_P01 | [AGENTS-TRACKED] Currently tracking 1 agents: ['P01']
2025-10-20 20:56:12 | GV1_NL_COT_P01 | [UPDATE-SUMMARY] Processed 0 market events at time 2.1
2025-10-20 20:56:12 | GV1_NL_COT_P01 | === BELIEF GRAPH STATE AT TIME 2.1 ===
2025-10-20 20:56:12 | GV1_NL_COT_P01 | {
  "MarketState": {
    "current_bid": 152,
    "current_ask": 500,
    "time_remaining": 0
  },
  "My_Trading_Beliefs": {
    "My_Market_Direction": {
      "actual_signals_I_see": "wide_spread_uncertainty",
      "my_self_belief": {
        "possible_directions": [
          "up",
          "down",
          "sideways"
        ]
      }
    },
    "My_Optimal_Entry_Price": {
      "actual_situation_I_face": "high_market_prices",
      "my_self_belief": {
        "possible_prices": []
      }
    },
    "My_Time_Urgency": {
      "actual_situation_I_face": "urgent_time_pressure",
      "my_self_belief": {
        "possible_urgency": [
          "medium",
          "high"
        ]
      }
    }
  },
  "Competitor_Trading_Beliefs": {}
}
2025-10-20 20:56:12 | GV1_NL_COT_P01 | ================================================================================
2025-10-20 20:56:12 | GV1_NL_COT_P01 | [AGENTS-TRACKED] Currently tracking 1 agents: ['P01']
2025-10-20 20:56:12 | GV1_NL_COT_P01 | [UPDATE-SUMMARY] Processed 0 market events at time 2.3
2025-10-20 20:56:12 | GV1_NL_COT_P01 | === BELIEF GRAPH STATE AT TIME 2.3 ===
2025-10-20 20:56:12 | GV1_NL_COT_P01 | {
  "MarketState": {
    "current_bid": 152,
    "current_ask": 500,
    "time_remaining": 0
  },
  "My_Trading_Beliefs": {
    "My_Market_Direction": {
      "actual_signals_I_see": "wide_spread_uncertainty",
      "my_self_belief": {
        "possible_directions": [
          "up",
          "down",
          "sideways"
        ]
      }
    },
    "My_Optimal_Entry_Price": {
      "actual_situation_I_face": "high_market_prices",
      "my_self_belief": {
        "possible_prices": []
      }
    },
    "My_Time_Urgency": {
      "actual_situation_I_face": "urgent_time_pressure",
      "my_self_belief": {
        "possible_urgency": [
          "medium",
          "high"
        ]
      }
    }
  },
  "Competitor_Trading_Beliefs": {}
}
2025-10-20 20:56:12 | GV1_NL_COT_P01 | ================================================================================
2025-10-20 20:56:12 | GV1_NL_COT_P01 | [AGENTS-TRACKED] Currently tracking 1 agents: ['P01']
2025-10-20 20:56:12 | GV1_NL_COT_P01 | [UPDATE-SUMMARY] Processed 0 market events at time 2.5
2025-10-20 20:56:12 | GV1_NL_COT_P01 | === BELIEF GRAPH STATE AT TIME 2.5 ===
2025-10-20 20:56:12 | GV1_NL_COT_P01 | {
  "MarketState": {
    "current_bid": 152,
    "current_ask": 500,
    "time_remaining": 0
  },
  "My_Trading_Beliefs": {
    "My_Market_Direction": {
      "actual_signals_I_see": "wide_spread_uncertainty",
      "my_self_belief": {
        "possible_directions": [
          "up",
          "down",
          "sideways"
        ]
      }
    },
    "My_Optimal_Entry_Price": {
      "actual_situation_I_face": "high_market_prices",
      "my_self_belief": {
        "possible_prices": []
      }
    },
    "My_Time_Urgency": {
      "actual_situation_I_face": "urgent_time_pressure",
      "my_self_belief": {
        "possible_urgency": [
          "medium",
          "high"
        ]
      }
    }
  },
  "Competitor_Trading_Beliefs": {}
}
2025-10-20 20:56:12 | GV1_NL_COT_P01 | ================================================================================
2025-10-20 20:56:12 | GV1_NL_COT_P01 | [AGENTS-TRACKED] Currently tracking 1 agents: ['P01']
2025-10-20 20:56:12 | GV1_NL_COT_P01 | [UPDATE-SUMMARY] Processed 0 market events at time 2.7
2025-10-20 20:56:12 | GV1_NL_COT_P01 | === BELIEF GRAPH STATE AT TIME 2.7 ===
2025-10-20 20:56:12 | GV1_NL_COT_P01 | {
  "MarketState": {
    "current_bid": 152,
    "current_ask": 500,
    "time_remaining": 0
  },
  "My_Trading_Beliefs": {
    "My_Market_Direction": {
      "actual_signals_I_see": "wide_spread_uncertainty",
      "my_self_belief": {
        "possible_directions": [
          "up",
          "down",
          "sideways"
        ]
      }
    },
    "My_Optimal_Entry_Price": {
      "actual_situation_I_face": "high_market_prices",
      "my_self_belief": {
        "possible_prices": []
      }
    },
    "My_Time_Urgency": {
      "actual_situation_I_face": "urgent_time_pressure",
      "my_self_belief": {
        "possible_urgency": [
          "medium",
          "high"
        ]
      }
    }
  },
  "Competitor_Trading_Beliefs": {}
}
2025-10-20 20:56:12 | GV1_NL_COT_P01 | ================================================================================
2025-10-20 20:56:12 | GV1_NL_COT_P01 | [AGENTS-TRACKED] Currently tracking 1 agents: ['P01']
2025-10-20 20:56:12 | GV1_NL_COT_P01 | [UPDATE-SUMMARY] Processed 0 market events at time 2.9
2025-10-20 20:56:12 | GV1_NL_COT_P01 | === BELIEF GRAPH STATE AT TIME 2.9 ===
2025-10-20 20:56:12 | GV1_NL_COT_P01 | {
  "MarketState": {
    "current_bid": null,
    "current_ask": 220,
    "time_remaining": 0
  },
  "My_Trading_Beliefs": {
    "My_Market_Direction": {
      "actual_signals_I_see": "mixed_price_movements",
      "my_self_belief": {
        "possible_directions": [
          "up",
          "down",
          "sideways"
        ]
      }
    },
    "My_Optimal_Entry_Price": {
      "actual_situation_I_face": "volatile_spreads",
      "my_self_belief": {
        "possible_prices": []
      }
    },
    "My_Time_Urgency": {
      "actual_situation_I_face": "urgent_time_pressure",
      "my_self_belief": {
        "possible_urgency": [
          "medium",
          "high"
        ]
      }
    }
  },
  "Competitor_Trading_Beliefs": {}
}
2025-10-20 20:56:12 | GV1_NL_COT_P01 | ================================================================================
2025-10-20 20:56:12 | GV1_NL_COT_P01 | [AGENTS-TRACKED] Currently tracking 1 agents: ['P01']
2025-10-20 20:56:12 | GV1_NL_COT_P01 | [UPDATE-SUMMARY] Processed 0 market events at time 3.1
2025-10-20 20:56:12 | GV1_NL_COT_P01 | === BELIEF GRAPH STATE AT TIME 3.1 ===
2025-10-20 20:56:12 | GV1_NL_COT_P01 | {
  "MarketState": {
    "current_bid": null,
    "current_ask": 152,
    "time_remaining": 0
  },
  "My_Trading_Beliefs": {
    "My_Market_Direction": {
      "actual_signals_I_see": "mixed_price_movements",
      "my_self_belief": {
        "possible_directions": [
          "up",
          "down",
          "sideways"
        ]
      }
    },
    "My_Optimal_Entry_Price": {
      "actual_situation_I_face": "volatile_spreads",
      "my_self_belief": {
        "possible_prices": []
      }
    },
    "My_Time_Urgency": {
      "actual_situation_I_face": "urgent_time_pressure",
      "my_self_belief": {
        "possible_urgency": [
          "medium",
          "high"
        ]
      }
    }
  },
  "Competitor_Trading_Beliefs": {}
}
2025-10-20 20:56:12 | GV1_NL_COT_P01 | ================================================================================
2025-10-20 20:56:12 | GV1_NL_COT_P01 | [AGENTS-TRACKED] Currently tracking 1 agents: ['P01']
2025-10-20 20:56:12 | GV1_NL_COT_P01 | [UPDATE-SUMMARY] Processed 0 market events at time 3.3
2025-10-20 20:56:12 | GV1_NL_COT_P01 | === BELIEF GRAPH STATE AT TIME 3.3 ===
2025-10-20 20:56:12 | GV1_NL_COT_P01 | {
  "MarketState": {
    "current_bid": 96,
    "current_ask": 152,
    "time_remaining": 0
  },
  "My_Trading_Beliefs": {
    "My_Market_Direction": {
      "actual_signals_I_see": "wide_spread_uncertainty",
      "my_self_belief": {
        "possible_directions": [
          "up",
          "down",
          "sideways"
        ]
      }
    },
    "My_Optimal_Entry_Price": {
      "actual_situation_I_face": "high_market_prices",
      "my_self_belief": {
        "possible_prices": []
      }
    },
    "My_Time_Urgency": {
      "actual_situation_I_face": "urgent_time_pressure",
      "my_self_belief": {
        "possible_urgency": [
          "medium",
          "high"
        ]
      }
    }
  },
  "Competitor_Trading_Beliefs": {}
}
2025-10-20 20:56:12 | GV1_NL_COT_P01 | ================================================================================
2025-10-20 20:56:12 | GV1_NL_COT_P01 | [AGENTS-TRACKED] Currently tracking 1 agents: ['P01']
2025-10-20 20:56:12 | GV1_NL_COT_P01 | [UPDATE-SUMMARY] Processed 0 market events at time 3.5
2025-10-20 20:56:12 | GV1_NL_COT_P01 | === BELIEF GRAPH STATE AT TIME 3.5 ===
2025-10-20 20:56:12 | GV1_NL_COT_P01 | {
  "MarketState": {
    "current_bid": 97,
    "current_ask": 152,
    "time_remaining": 0
  },
  "My_Trading_Beliefs": {
    "My_Market_Direction": {
      "actual_signals_I_see": "wide_spread_uncertainty",
      "my_self_belief": {
        "possible_directions": [
          "up",
          "down",
          "sideways"
        ]
      }
    },
    "My_Optimal_Entry_Price": {
      "actual_situation_I_face": "high_market_prices",
      "my_self_belief": {
        "possible_prices": []
      }
    },
    "My_Time_Urgency": {
      "actual_situation_I_face": "urgent_time_pressure",
      "my_self_belief": {
        "possible_urgency": [
          "medium",
          "high"
        ]
      }
    }
  },
  "Competitor_Trading_Beliefs": {}
}
2025-10-20 20:56:12 | GV1_NL_COT_P01 | ================================================================================
2025-10-20 20:56:12 | GV1_NL_COT_P01 | [AGENTS-TRACKED] Currently tracking 1 agents: ['P01']
2025-10-20 20:56:12 | GV1_NL_COT_P01 | [UPDATE-SUMMARY] Processed 0 market events at time 3.8
2025-10-20 20:56:12 | GV1_NL_COT_P01 | === BELIEF GRAPH STATE AT TIME 3.8 ===
2025-10-20 20:56:12 | GV1_NL_COT_P01 | {
  "MarketState": {
    "current_bid": 97,
    "current_ask": 281,
    "time_remaining": 0
  },
  "My_Trading_Beliefs": {
    "My_Market_Direction": {
      "actual_signals_I_see": "wide_spread_uncertainty",
      "my_self_belief": {
        "possible_directions": [
          "up",
          "down",
          "sideways"
        ]
      }
    },
    "My_Optimal_Entry_Price": {
      "actual_situation_I_face": "high_market_prices",
      "my_self_belief": {
        "possible_prices": []
      }
    },
    "My_Time_Urgency": {
      "actual_situation_I_face": "urgent_time_pressure",
      "my_self_belief": {
        "possible_urgency": [
          "medium",
          "high"
        ]
      }
    }
  },
  "Competitor_Trading_Beliefs": {}
}
2025-10-20 20:56:12 | GV1_NL_COT_P01 | ================================================================================
2025-10-20 20:56:12 | GV1_NL_COT_P01 | [AGENTS-TRACKED] Currently tracking 1 agents: ['P01']
2025-10-20 20:56:12 | GV1_NL_COT_P01 | [UPDATE-SUMMARY] Processed 0 market events at time 4.0
2025-10-20 20:56:12 | GV1_NL_COT_P01 | === BELIEF GRAPH STATE AT TIME 4.0 ===
2025-10-20 20:56:12 | GV1_NL_COT_P01 | {
  "MarketState": {
    "current_bid": 98,
    "current_ask": null,
    "time_remaining": 0
  },
  "My_Trading_Beliefs": {
    "My_Market_Direction": {
      "actual_signals_I_see": "mixed_price_movements",
      "my_self_belief": {
        "possible_directions": [
          "up",
          "down",
          "sideways"
        ]
      }
    },
    "My_Optimal_Entry_Price": {
      "actual_situation_I_face": "volatile_spreads",
      "my_self_belief": {
        "possible_prices": []
      }
    },
    "My_Time_Urgency": {
      "actual_situation_I_face": "urgent_time_pressure",
      "my_self_belief": {
        "possible_urgency": [
          "medium",
          "high"
        ]
      }
    }
  },
  "Competitor_Trading_Beliefs": {}
}
2025-10-20 20:56:12 | GV1_NL_COT_P01 | ================================================================================
2025-10-20 20:56:12 | GV1_NL_COT_P01 | [AGENTS-TRACKED] Currently tracking 1 agents: ['P01']
2025-10-20 20:56:12 | GV1_NL_COT_P01 | [UPDATE-SUMMARY] Processed 0 market events at time 4.2
2025-10-20 20:56:12 | GV1_NL_COT_P01 | === BELIEF GRAPH STATE AT TIME 4.2 ===
2025-10-20 20:56:12 | GV1_NL_COT_P01 | {
  "MarketState": {
    "current_bid": 99,
    "current_ask": null,
    "time_remaining": 0
  },
  "My_Trading_Beliefs": {
    "My_Market_Direction": {
      "actual_signals_I_see": "mixed_price_movements",
      "my_self_belief": {
        "possible_directions": [
          "up",
          "down",
          "sideways"
        ]
      }
    },
    "My_Optimal_Entry_Price": {
      "actual_situation_I_face": "volatile_spreads",
      "my_self_belief": {
        "possible_prices": []
      }
    },
    "My_Time_Urgency": {
      "actual_situation_I_face": "urgent_time_pressure",
      "my_self_belief": {
        "possible_urgency": [
          "medium",
          "high"
        ]
      }
    }
  },
  "Competitor_Trading_Beliefs": {}
}
2025-10-20 20:56:12 | GV1_NL_COT_P01 | ================================================================================
2025-10-20 20:56:12 | GV1_NL_COT_P01 | [AGENTS-TRACKED] Currently tracking 1 agents: ['P01']
2025-10-20 20:56:12 | GV1_NL_COT_P01 | [UPDATE-SUMMARY] Processed 0 market events at time 4.4
2025-10-20 20:56:12 | GV1_NL_COT_P01 | === BELIEF GRAPH STATE AT TIME 4.4 ===
2025-10-20 20:56:12 | GV1_NL_COT_P01 | {
  "MarketState": {
    "current_bid": 99,
    "current_ask": 176,
    "time_remaining": 0
  },
  "My_Trading_Beliefs": {
    "My_Market_Direction": {
      "actual_signals_I_see": "wide_spread_uncertainty",
      "my_self_belief": {
        "possible_directions": [
          "up",
          "down",
          "sideways"
        ]
      }
    },
    "My_Optimal_Entry_Price": {
      "actual_situation_I_face": "high_market_prices",
      "my_self_belief": {
        "possible_prices": []
      }
    },
    "My_Time_Urgency": {
      "actual_situation_I_face": "urgent_time_pressure",
      "my_self_belief": {
        "possible_urgency": [
          "medium",
          "high"
        ]
      }
    }
  },
  "Competitor_Trading_Beliefs": {}
}
2025-10-20 20:56:12 | GV1_NL_COT_P01 | ================================================================================
2025-10-20 20:56:12 | GV1_NL_COT_P01 | [AGENTS-TRACKED] Currently tracking 1 agents: ['P01']
2025-10-20 20:56:13 | GV1_NL_COT_P01 | [UPDATE-SUMMARY] Processed 0 market events at time 4.6
2025-10-20 20:56:13 | GV1_NL_COT_P01 | === BELIEF GRAPH STATE AT TIME 4.6 ===
2025-10-20 20:56:13 | GV1_NL_COT_P01 | {
  "MarketState": {
    "current_bid": null,
    "current_ask": null,
    "time_remaining": 0
  },
  "My_Trading_Beliefs": {
    "My_Market_Direction": {
      "actual_signals_I_see": "mixed_price_movements",
      "my_self_belief": {
        "possible_directions": [
          "up",
          "down",
          "sideways"
        ]
      }
    },
    "My_Optimal_Entry_Price": {
      "actual_situation_I_face": "volatile_spreads",
      "my_self_belief": {
        "possible_prices": []
      }
    },
    "My_Time_Urgency": {
      "actual_situation_I_face": "urgent_time_pressure",
      "my_self_belief": {
        "possible_urgency": [
          "medium",
          "high"
        ]
      }
    }
  },
  "Competitor_Trading_Beliefs": {}
}
2025-10-20 20:56:13 | GV1_NL_COT_P01 | ================================================================================
2025-10-20 20:56:13 | GV1_NL_COT_P01 | [AGENTS-TRACKED] Currently tracking 1 agents: ['P01']
2025-10-20 20:56:13 | GV1_NL_COT_P01 | [UPDATE-SUMMARY] Processed 0 market events at time 4.8
2025-10-20 20:56:13 | GV1_NL_COT_P01 | === BELIEF GRAPH STATE AT TIME 4.8 ===
2025-10-20 20:56:13 | GV1_NL_COT_P01 | {
  "MarketState": {
    "current_bid": 118,
    "current_ask": null,
    "time_remaining": 0
  },
  "My_Trading_Beliefs": {
    "My_Market_Direction": {
      "actual_signals_I_see": "mixed_price_movements",
      "my_self_belief": {
        "possible_directions": [
          "up",
          "down",
          "sideways"
        ]
      }
    },
    "My_Optimal_Entry_Price": {
      "actual_situation_I_face": "volatile_spreads",
      "my_self_belief": {
        "possible_prices": []
      }
    },
    "My_Time_Urgency": {
      "actual_situation_I_face": "urgent_time_pressure",
      "my_self_belief": {
        "possible_urgency": [
          "medium",
          "high"
        ]
      }
    }
  },
  "Competitor_Trading_Beliefs": {}
}
2025-10-20 20:56:13 | GV1_NL_COT_P01 | ================================================================================
2025-10-20 20:56:13 | GV1_NL_COT_P01 | [AGENTS-TRACKED] Currently tracking 1 agents: ['P01']
2025-10-20 20:56:13 | GV1_NL_COT_P01 | [UPDATE-SUMMARY] Processed 0 market events at time 5.0
2025-10-20 20:56:13 | GV1_NL_COT_P01 | === BELIEF GRAPH STATE AT TIME 5.0 ===
2025-10-20 20:56:13 | GV1_NL_COT_P01 | {
  "MarketState": {
    "current_bid": 128,
    "current_ask": null,
    "time_remaining": 0
  },
  "My_Trading_Beliefs": {
    "My_Market_Direction": {
      "actual_signals_I_see": "mixed_price_movements",
      "my_self_belief": {
        "possible_directions": [
          "up",
          "down",
          "sideways"
        ]
      }
    },
    "My_Optimal_Entry_Price": {
      "actual_situation_I_face": "volatile_spreads",
      "my_self_belief": {
        "possible_prices": []
      }
    },
    "My_Time_Urgency": {
      "actual_situation_I_face": "urgent_time_pressure",
      "my_self_belief": {
        "possible_urgency": [
          "medium",
          "high"
        ]
      }
    }
  },
  "Competitor_Trading_Beliefs": {}
}
2025-10-20 20:56:13 | GV1_NL_COT_P01 | ================================================================================
2025-10-20 20:56:13 | GV1_NL_COT_P01 | [AGENTS-TRACKED] Currently tracking 1 agents: ['P01']
2025-10-20 20:56:17 | GV1_NL_COT_P01 | [UPDATE-SUMMARY] Processed 0 market events at time 5.2
2025-10-20 20:56:17 | GV1_NL_COT_P01 | === BELIEF GRAPH STATE AT TIME 5.2 ===
2025-10-20 20:56:17 | GV1_NL_COT_P01 | {
  "MarketState": {
    "current_bid": 118,
    "current_ask": null,
    "time_remaining": 0
  },
  "My_Trading_Beliefs": {
    "My_Market_Direction": {
      "actual_signals_I_see": "mixed_price_movements",
      "my_self_belief": {
        "possible_directions": [
          "up",
          "down",
          "sideways"
        ]
      }
    },
    "My_Optimal_Entry_Price": {
      "actual_situation_I_face": "volatile_spreads",
      "my_self_belief": {
        "possible_prices": []
      }
    },
    "My_Time_Urgency": {
      "actual_situation_I_face": "urgent_time_pressure",
      "my_self_belief": {
        "possible_urgency": [
          "medium",
          "high"
        ]
      }
    }
  },
  "Competitor_Trading_Beliefs": {}
}
2025-10-20 20:56:17 | GV1_NL_COT_P01 | ================================================================================
2025-10-20 20:56:17 | GV1_NL_COT_P01 | [AGENTS-TRACKED] Currently tracking 1 agents: ['P01']
2025-10-20 20:56:17 | GV1_NL_COT_P01 | [UPDATE-SUMMARY] Processed 0 market events at time 5.4
2025-10-20 20:56:17 | GV1_NL_COT_P01 | === BELIEF GRAPH STATE AT TIME 5.4 ===
2025-10-20 20:56:17 | GV1_NL_COT_P01 | {
  "MarketState": {
    "current_bid": 139,
    "current_ask": null,
    "time_remaining": 0
  },
  "My_Trading_Beliefs": {
    "My_Market_Direction": {
      "actual_signals_I_see": "mixed_price_movements",
      "my_self_belief": {
        "possible_directions": [
          "up",
          "down",
          "sideways"
        ]
      }
    },
    "My_Optimal_Entry_Price": {
      "actual_situation_I_face": "volatile_spreads",
      "my_self_belief": {
        "possible_prices": []
      }
    },
    "My_Time_Urgency": {
      "actual_situation_I_face": "urgent_time_pressure",
      "my_self_belief": {
        "possible_urgency": [
          "medium",
          "high"
        ]
      }
    }
  },
  "Competitor_Trading_Beliefs": {}
}
2025-10-20 20:56:17 | GV1_NL_COT_P01 | ================================================================================
2025-10-20 20:56:17 | GV1_NL_COT_P01 | [AGENTS-TRACKED] Currently tracking 1 agents: ['P01']
2025-10-20 20:56:17 | GV1_NL_COT_P01 | [UPDATE-SUMMARY] Processed 0 market events at time 5.6
2025-10-20 20:56:17 | GV1_NL_COT_P01 | === BELIEF GRAPH STATE AT TIME 5.6 ===
2025-10-20 20:56:17 | GV1_NL_COT_P01 | {
  "MarketState": {
    "current_bid": 139,
    "current_ask": null,
    "time_remaining": 0
  },
  "My_Trading_Beliefs": {
    "My_Market_Direction": {
      "actual_signals_I_see": "mixed_price_movements",
      "my_self_belief": {
        "possible_directions": [
          "up",
          "down",
          "sideways"
        ]
      }
    },
    "My_Optimal_Entry_Price": {
      "actual_situation_I_face": "volatile_spreads",
      "my_self_belief": {
        "possible_prices": []
      }
    },
    "My_Time_Urgency": {
      "actual_situation_I_face": "urgent_time_pressure",
      "my_self_belief": {
        "possible_urgency": [
          "medium",
          "high"
        ]
      }
    }
  },
  "Competitor_Trading_Beliefs": {}
}
2025-10-20 20:56:17 | GV1_NL_COT_P01 | ================================================================================
2025-10-20 20:56:17 | GV1_NL_COT_P01 | [AGENTS-TRACKED] Currently tracking 1 agents: ['P01']
2025-10-20 20:56:17 | GV1_NL_COT_P01 | [UPDATE-SUMMARY] Processed 0 market events at time 5.8
2025-10-20 20:56:17 | GV1_NL_COT_P01 | === BELIEF GRAPH STATE AT TIME 5.8 ===
2025-10-20 20:56:17 | GV1_NL_COT_P01 | {
  "MarketState": {
    "current_bid": 139,
    "current_ask": null,
    "time_remaining": 0
  },
  "My_Trading_Beliefs": {
    "My_Market_Direction": {
      "actual_signals_I_see": "mixed_price_movements",
      "my_self_belief": {
        "possible_directions": [
          "up",
          "down",
          "sideways"
        ]
      }
    },
    "My_Optimal_Entry_Price": {
      "actual_situation_I_face": "volatile_spreads",
      "my_self_belief": {
        "possible_prices": []
      }
    },
    "My_Time_Urgency": {
      "actual_situation_I_face": "urgent_time_pressure",
      "my_self_belief": {
        "possible_urgency": [
          "medium",
          "high"
        ]
      }
    }
  },
  "Competitor_Trading_Beliefs": {}
}
2025-10-20 20:56:17 | GV1_NL_COT_P01 | ================================================================================
2025-10-20 20:56:17 | GV1_NL_COT_P01 | [AGENTS-TRACKED] Currently tracking 1 agents: ['P01']
2025-10-20 20:56:17 | GV1_NL_COT_P01 | [UPDATE-SUMMARY] Processed 0 market events at time 6.0
2025-10-20 20:56:17 | GV1_NL_COT_P01 | === BELIEF GRAPH STATE AT TIME 6.0 ===
2025-10-20 20:56:17 | GV1_NL_COT_P01 | {
  "MarketState": {
    "current_bid": 118,
    "current_ask": 139,
    "time_remaining": 0
  },
  "My_Trading_Beliefs": {
    "My_Market_Direction": {
      "actual_signals_I_see": "wide_spread_uncertainty",
      "my_self_belief": {
        "possible_directions": [
          "up",
          "down",
          "sideways"
        ]
      }
    },
    "My_Optimal_Entry_Price": {
      "actual_situation_I_face": "high_market_prices",
      "my_self_belief": {
        "possible_prices": []
      }
    },
    "My_Time_Urgency": {
      "actual_situation_I_face": "urgent_time_pressure",
      "my_self_belief": {
        "possible_urgency": [
          "medium",
          "high"
        ]
      }
    }
  },
  "Competitor_Trading_Beliefs": {}
}
2025-10-20 20:56:17 | GV1_NL_COT_P01 | ================================================================================
2025-10-20 20:56:17 | GV1_NL_COT_P01 | [AGENTS-TRACKED] Currently tracking 1 agents: ['P01']
2025-10-20 20:56:17 | GV1_NL_COT_P01 | [UPDATE-SUMMARY] Processed 0 market events at time 6.2
2025-10-20 20:56:17 | GV1_NL_COT_P01 | === BELIEF GRAPH STATE AT TIME 6.2 ===
2025-10-20 20:56:17 | GV1_NL_COT_P01 | {
  "MarketState": {
    "current_bid": 118,
    "current_ask": 139,
    "time_remaining": 0
  },
  "My_Trading_Beliefs": {
    "My_Market_Direction": {
      "actual_signals_I_see": "wide_spread_uncertainty",
      "my_self_belief": {
        "possible_directions": [
          "up",
          "down",
          "sideways"
        ]
      }
    },
    "My_Optimal_Entry_Price": {
      "actual_situation_I_face": "high_market_prices",
      "my_self_belief": {
        "possible_prices": []
      }
    },
    "My_Time_Urgency": {
      "actual_situation_I_face": "urgent_time_pressure",
      "my_self_belief": {
        "possible_urgency": [
          "medium",
          "high"
        ]
      }
    }
  },
  "Competitor_Trading_Beliefs": {}
}
2025-10-20 20:56:17 | GV1_NL_COT_P01 | ================================================================================
2025-10-20 20:56:17 | GV1_NL_COT_P01 | [AGENTS-TRACKED] Currently tracking 1 agents: ['P01']
2025-10-20 20:56:17 | GV1_NL_COT_P01 | [UPDATE-SUMMARY] Processed 0 market events at time 6.5
2025-10-20 20:56:17 | GV1_NL_COT_P01 | === BELIEF GRAPH STATE AT TIME 6.5 ===
2025-10-20 20:56:17 | GV1_NL_COT_P01 | {
  "MarketState": {
    "current_bid": 121,
    "current_ask": 139,
    "time_remaining": 0
  },
  "My_Trading_Beliefs": {
    "My_Market_Direction": {
      "actual_signals_I_see": "wide_spread_uncertainty",
      "my_self_belief": {
        "possible_directions": [
          "up",
          "down",
          "sideways"
        ]
      }
    },
    "My_Optimal_Entry_Price": {
      "actual_situation_I_face": "high_market_prices",
      "my_self_belief": {
        "possible_prices": []
      }
    },
    "My_Time_Urgency": {
      "actual_situation_I_face": "urgent_time_pressure",
      "my_self_belief": {
        "possible_urgency": [
          "medium",
          "high"
        ]
      }
    }
  },
  "Competitor_Trading_Beliefs": {}
}
2025-10-20 20:56:17 | GV1_NL_COT_P01 | ================================================================================
2025-10-20 20:56:17 | GV1_NL_COT_P01 | [AGENTS-TRACKED] Currently tracking 1 agents: ['P01']
2025-10-20 20:56:17 | GV1_NL_COT_P01 | [UPDATE-SUMMARY] Processed 0 market events at time 6.7
2025-10-20 20:56:17 | GV1_NL_COT_P01 | === BELIEF GRAPH STATE AT TIME 6.7 ===
2025-10-20 20:56:17 | GV1_NL_COT_P01 | {
  "MarketState": {
    "current_bid": 121,
    "current_ask": 139,
    "time_remaining": 0
  },
  "My_Trading_Beliefs": {
    "My_Market_Direction": {
      "actual_signals_I_see": "wide_spread_uncertainty",
      "my_self_belief": {
        "possible_directions": [
          "up",
          "down",
          "sideways"
        ]
      }
    },
    "My_Optimal_Entry_Price": {
      "actual_situation_I_face": "high_market_prices",
      "my_self_belief": {
        "possible_prices": []
      }
    },
    "My_Time_Urgency": {
      "actual_situation_I_face": "urgent_time_pressure",
      "my_self_belief": {
        "possible_urgency": [
          "medium",
          "high"
        ]
      }
    }
  },
  "Competitor_Trading_Beliefs": {}
}
2025-10-20 20:56:17 | GV1_NL_COT_P01 | ================================================================================
2025-10-20 20:56:17 | GV1_NL_COT_P01 | [AGENTS-TRACKED] Currently tracking 1 agents: ['P01']
2025-10-20 20:56:17 | GV1_NL_COT_P01 | [UPDATE-SUMMARY] Processed 0 market events at time 6.9
2025-10-20 20:56:17 | GV1_NL_COT_P01 | === BELIEF GRAPH STATE AT TIME 6.9 ===
2025-10-20 20:56:17 | GV1_NL_COT_P01 | {
  "MarketState": {
    "current_bid": 122,
    "current_ask": 139,
    "time_remaining": 0
  },
  "My_Trading_Beliefs": {
    "My_Market_Direction": {
      "actual_signals_I_see": "wide_spread_uncertainty",
      "my_self_belief": {
        "possible_directions": [
          "up",
          "down",
          "sideways"
        ]
      }
    },
    "My_Optimal_Entry_Price": {
      "actual_situation_I_face": "high_market_prices",
      "my_self_belief": {
        "possible_prices": []
      }
    },
    "My_Time_Urgency": {
      "actual_situation_I_face": "urgent_time_pressure",
      "my_self_belief": {
        "possible_urgency": [
          "medium",
          "high"
        ]
      }
    }
  },
  "Competitor_Trading_Beliefs": {}
}
2025-10-20 20:56:17 | GV1_NL_COT_P01 | ================================================================================
2025-10-20 20:56:17 | GV1_NL_COT_P01 | [AGENTS-TRACKED] Currently tracking 1 agents: ['P01']
2025-10-20 20:56:17 | GV1_NL_COT_P01 | [UPDATE-SUMMARY] Processed 0 market events at time 7.1
2025-10-20 20:56:17 | GV1_NL_COT_P01 | === BELIEF GRAPH STATE AT TIME 7.1 ===
2025-10-20 20:56:17 | GV1_NL_COT_P01 | {
  "MarketState": {
    "current_bid": 121,
    "current_ask": null,
    "time_remaining": 0
  },
  "My_Trading_Beliefs": {
    "My_Market_Direction": {
      "actual_signals_I_see": "mixed_price_movements",
      "my_self_belief": {
        "possible_directions": [
          "up",
          "down",
          "sideways"
        ]
      }
    },
    "My_Optimal_Entry_Price": {
      "actual_situation_I_face": "volatile_spreads",
      "my_self_belief": {
        "possible_prices": []
      }
    },
    "My_Time_Urgency": {
      "actual_situation_I_face": "urgent_time_pressure",
      "my_self_belief": {
        "possible_urgency": [
          "medium",
          "high"
        ]
      }
    }
  },
  "Competitor_Trading_Beliefs": {}
}
2025-10-20 20:56:17 | GV1_NL_COT_P01 | ================================================================================
2025-10-20 20:56:17 | GV1_NL_COT_P01 | [AGENTS-TRACKED] Currently tracking 1 agents: ['P01']
2025-10-20 20:56:17 | GV1_NL_COT_P01 | [UPDATE-SUMMARY] Processed 0 market events at time 7.3
2025-10-20 20:56:17 | GV1_NL_COT_P01 | === BELIEF GRAPH STATE AT TIME 7.3 ===
2025-10-20 20:56:17 | GV1_NL_COT_P01 | {
  "MarketState": {
    "current_bid": 121,
    "current_ask": 500,
    "time_remaining": 0
  },
  "My_Trading_Beliefs": {
    "My_Market_Direction": {
      "actual_signals_I_see": "wide_spread_uncertainty",
      "my_self_belief": {
        "possible_directions": [
          "up",
          "down",
          "sideways"
        ]
      }
    },
    "My_Optimal_Entry_Price": {
      "actual_situation_I_face": "high_market_prices",
      "my_self_belief": {
        "possible_prices": []
      }
    },
    "My_Time_Urgency": {
      "actual_situation_I_face": "urgent_time_pressure",
      "my_self_belief": {
        "possible_urgency": [
          "medium",
          "high"
        ]
      }
    }
  },
  "Competitor_Trading_Beliefs": {}
}
2025-10-20 20:56:17 | GV1_NL_COT_P01 | ================================================================================
2025-10-20 20:56:17 | GV1_NL_COT_P01 | [AGENTS-TRACKED] Currently tracking 1 agents: ['P01']
2025-10-20 20:56:17 | GV1_NL_COT_P01 | [UPDATE-SUMMARY] Processed 0 market events at time 7.5
2025-10-20 20:56:17 | GV1_NL_COT_P01 | === BELIEF GRAPH STATE AT TIME 7.5 ===
2025-10-20 20:56:17 | GV1_NL_COT_P01 | {
  "MarketState": {
    "current_bid": 121,
    "current_ask": 499,
    "time_remaining": 0
  },
  "My_Trading_Beliefs": {
    "My_Market_Direction": {
      "actual_signals_I_see": "wide_spread_uncertainty",
      "my_self_belief": {
        "possible_directions": [
          "up",
          "down",
          "sideways"
        ]
      }
    },
    "My_Optimal_Entry_Price": {
      "actual_situation_I_face": "high_market_prices",
      "my_self_belief": {
        "possible_prices": []
      }
    },
    "My_Time_Urgency": {
      "actual_situation_I_face": "urgent_time_pressure",
      "my_self_belief": {
        "possible_urgency": [
          "medium",
          "high"
        ]
      }
    }
  },
  "Competitor_Trading_Beliefs": {}
}
2025-10-20 20:56:17 | GV1_NL_COT_P01 | ================================================================================
2025-10-20 20:56:17 | GV1_NL_COT_P01 | [AGENTS-TRACKED] Currently tracking 1 agents: ['P01']
2025-10-20 20:56:17 | GV1_NL_COT_P01 | [UPDATE-SUMMARY] Processed 0 market events at time 7.7
2025-10-20 20:56:17 | GV1_NL_COT_P01 | === BELIEF GRAPH STATE AT TIME 7.7 ===
2025-10-20 20:56:17 | GV1_NL_COT_P01 | {
  "MarketState": {
    "current_bid": 118,
    "current_ask": 163,
    "time_remaining": 0
  },
  "My_Trading_Beliefs": {
    "My_Market_Direction": {
      "actual_signals_I_see": "wide_spread_uncertainty",
      "my_self_belief": {
        "possible_directions": [
          "up",
          "down",
          "sideways"
        ]
      }
    },
    "My_Optimal_Entry_Price": {
      "actual_situation_I_face": "high_market_prices",
      "my_self_belief": {
        "possible_prices": []
      }
    },
    "My_Time_Urgency": {
      "actual_situation_I_face": "urgent_time_pressure",
      "my_self_belief": {
        "possible_urgency": [
          "medium",
          "high"
        ]
      }
    }
  },
  "Competitor_Trading_Beliefs": {}
}
2025-10-20 20:56:17 | GV1_NL_COT_P01 | ================================================================================
2025-10-20 20:56:17 | GV1_NL_COT_P01 | [AGENTS-TRACKED] Currently tracking 1 agents: ['P01']
2025-10-20 20:56:17 | GV1_NL_COT_P01 | [UPDATE-SUMMARY] Processed 0 market events at time 7.9
2025-10-20 20:56:17 | GV1_NL_COT_P01 | === BELIEF GRAPH STATE AT TIME 7.9 ===
2025-10-20 20:56:17 | GV1_NL_COT_P01 | {
  "MarketState": {
    "current_bid": 118,
    "current_ask": 208,
    "time_remaining": 0
  },
  "My_Trading_Beliefs": {
    "My_Market_Direction": {
      "actual_signals_I_see": "wide_spread_uncertainty",
      "my_self_belief": {
        "possible_directions": [
          "up",
          "down",
          "sideways"
        ]
      }
    },
    "My_Optimal_Entry_Price": {
      "actual_situation_I_face": "high_market_prices",
      "my_self_belief": {
        "possible_prices": []
      }
    },
    "My_Time_Urgency": {
      "actual_situation_I_face": "urgent_time_pressure",
      "my_self_belief": {
        "possible_urgency": [
          "medium",
          "high"
        ]
      }
    }
  },
  "Competitor_Trading_Beliefs": {}
}
2025-10-20 20:56:17 | GV1_NL_COT_P01 | ================================================================================
2025-10-20 20:56:17 | GV1_NL_COT_P01 | [AGENTS-TRACKED] Currently tracking 1 agents: ['P01']
2025-10-20 20:56:17 | GV1_NL_COT_P01 | [UPDATE-SUMMARY] Processed 0 market events at time 8.1
2025-10-20 20:56:17 | GV1_NL_COT_P01 | === BELIEF GRAPH STATE AT TIME 8.1 ===
2025-10-20 20:56:17 | GV1_NL_COT_P01 | {
  "MarketState": {
    "current_bid": 119,
    "current_ask": null,
    "time_remaining": 0
  },
  "My_Trading_Beliefs": {
    "My_Market_Direction": {
      "actual_signals_I_see": "mixed_price_movements",
      "my_self_belief": {
        "possible_directions": [
          "up",
          "down",
          "sideways"
        ]
      }
    },
    "My_Optimal_Entry_Price": {
      "actual_situation_I_face": "volatile_spreads",
      "my_self_belief": {
        "possible_prices": []
      }
    },
    "My_Time_Urgency": {
      "actual_situation_I_face": "urgent_time_pressure",
      "my_self_belief": {
        "possible_urgency": [
          "medium",
          "high"
        ]
      }
    }
  },
  "Competitor_Trading_Beliefs": {}
}
2025-10-20 20:56:17 | GV1_NL_COT_P01 | ================================================================================
2025-10-20 20:56:17 | GV1_NL_COT_P01 | [AGENTS-TRACKED] Currently tracking 1 agents: ['P01']
2025-10-20 20:56:17 | GV1_NL_COT_P01 | [UPDATE-SUMMARY] Processed 0 market events at time 8.3
2025-10-20 20:56:17 | GV1_NL_COT_P01 | === BELIEF GRAPH STATE AT TIME 8.3 ===
2025-10-20 20:56:17 | GV1_NL_COT_P01 | {
  "MarketState": {
    "current_bid": 119,
    "current_ask": null,
    "time_remaining": 0
  },
  "My_Trading_Beliefs": {
    "My_Market_Direction": {
      "actual_signals_I_see": "mixed_price_movements",
      "my_self_belief": {
        "possible_directions": [
          "up",
          "down",
          "sideways"
        ]
      }
    },
    "My_Optimal_Entry_Price": {
      "actual_situation_I_face": "volatile_spreads",
      "my_self_belief": {
        "possible_prices": []
      }
    },
    "My_Time_Urgency": {
      "actual_situation_I_face": "urgent_time_pressure",
      "my_self_belief": {
        "possible_urgency": [
          "medium",
          "high"
        ]
      }
    }
  },
  "Competitor_Trading_Beliefs": {}
}
2025-10-20 20:56:17 | GV1_NL_COT_P01 | ================================================================================
2025-10-20 20:56:17 | GV1_NL_COT_P01 | [AGENTS-TRACKED] Currently tracking 1 agents: ['P01']
2025-10-20 20:56:17 | GV1_NL_COT_P01 | [UPDATE-SUMMARY] Processed 0 market events at time 8.5
2025-10-20 20:56:17 | GV1_NL_COT_P01 | === BELIEF GRAPH STATE AT TIME 8.5 ===
2025-10-20 20:56:17 | GV1_NL_COT_P01 | {
  "MarketState": {
    "current_bid": 119,
    "current_ask": 500,
    "time_remaining": 0
  },
  "My_Trading_Beliefs": {
    "My_Market_Direction": {
      "actual_signals_I_see": "wide_spread_uncertainty",
      "my_self_belief": {
        "possible_directions": [
          "up",
          "down",
          "sideways"
        ]
      }
    },
    "My_Optimal_Entry_Price": {
      "actual_situation_I_face": "high_market_prices",
      "my_self_belief": {
        "possible_prices": []
      }
    },
    "My_Time_Urgency": {
      "actual_situation_I_face": "urgent_time_pressure",
      "my_self_belief": {
        "possible_urgency": [
          "medium",
          "high"
        ]
      }
    }
  },
  "Competitor_Trading_Beliefs": {}
}
2025-10-20 20:56:17 | GV1_NL_COT_P01 | ================================================================================
2025-10-20 20:56:17 | GV1_NL_COT_P01 | [AGENTS-TRACKED] Currently tracking 1 agents: ['P01']
2025-10-20 20:56:17 | GV1_NL_COT_P01 | [UPDATE-SUMMARY] Processed 0 market events at time 8.7
2025-10-20 20:56:17 | GV1_NL_COT_P01 | === BELIEF GRAPH STATE AT TIME 8.7 ===
2025-10-20 20:56:17 | GV1_NL_COT_P01 | {
  "MarketState": {
    "current_bid": 119,
    "current_ask": null,
    "time_remaining": 0
  },
  "My_Trading_Beliefs": {
    "My_Market_Direction": {
      "actual_signals_I_see": "mixed_price_movements",
      "my_self_belief": {
        "possible_directions": [
          "up",
          "down",
          "sideways"
        ]
      }
    },
    "My_Optimal_Entry_Price": {
      "actual_situation_I_face": "volatile_spreads",
      "my_self_belief": {
        "possible_prices": []
      }
    },
    "My_Time_Urgency": {
      "actual_situation_I_face": "urgent_time_pressure",
      "my_self_belief": {
        "possible_urgency": [
          "medium",
          "high"
        ]
      }
    }
  },
  "Competitor_Trading_Beliefs": {}
}
2025-10-20 20:56:17 | GV1_NL_COT_P01 | ================================================================================
2025-10-20 20:56:17 | GV1_NL_COT_P01 | [AGENTS-TRACKED] Currently tracking 1 agents: ['P01']
2025-10-20 20:56:17 | GV1_NL_COT_P01 | [UPDATE-SUMMARY] Processed 0 market events at time 9.0
2025-10-20 20:56:17 | GV1_NL_COT_P01 | === BELIEF GRAPH STATE AT TIME 9.0 ===
2025-10-20 20:56:17 | GV1_NL_COT_P01 | {
  "MarketState": {
    "current_bid": 119,
    "current_ask": 500,
    "time_remaining": 0
  },
  "My_Trading_Beliefs": {
    "My_Market_Direction": {
      "actual_signals_I_see": "wide_spread_uncertainty",
      "my_self_belief": {
        "possible_directions": [
          "up",
          "down",
          "sideways"
        ]
      }
    },
    "My_Optimal_Entry_Price": {
      "actual_situation_I_face": "high_market_prices",
      "my_self_belief": {
        "possible_prices": []
      }
    },
    "My_Time_Urgency": {
      "actual_situation_I_face": "urgent_time_pressure",
      "my_self_belief": {
        "possible_urgency": [
          "medium",
          "high"
        ]
      }
    }
  },
  "Competitor_Trading_Beliefs": {}
}
2025-10-20 20:56:17 | GV1_NL_COT_P01 | ================================================================================
2025-10-20 20:56:17 | GV1_NL_COT_P01 | [AGENTS-TRACKED] Currently tracking 1 agents: ['P01']
2025-10-20 20:56:17 | GV1_NL_COT_P01 | [UPDATE-SUMMARY] Processed 0 market events at time 9.2
2025-10-20 20:56:17 | GV1_NL_COT_P01 | === BELIEF GRAPH STATE AT TIME 9.2 ===
2025-10-20 20:56:17 | GV1_NL_COT_P01 | {
  "MarketState": {
    "current_bid": 119,
    "current_ask": 500,
    "time_remaining": 0
  },
  "My_Trading_Beliefs": {
    "My_Market_Direction": {
      "actual_signals_I_see": "wide_spread_uncertainty",
      "my_self_belief": {
        "possible_directions": [
          "up",
          "down",
          "sideways"
        ]
      }
    },
    "My_Optimal_Entry_Price": {
      "actual_situation_I_face": "high_market_prices",
      "my_self_belief": {
        "possible_prices": []
      }
    },
    "My_Time_Urgency": {
      "actual_situation_I_face": "urgent_time_pressure",
      "my_self_belief": {
        "possible_urgency": [
          "medium",
          "high"
        ]
      }
    }
  },
  "Competitor_Trading_Beliefs": {}
}
2025-10-20 20:56:17 | GV1_NL_COT_P01 | ================================================================================
2025-10-20 20:56:17 | GV1_NL_COT_P01 | [AGENTS-TRACKED] Currently tracking 1 agents: ['P01']
2025-10-20 20:56:17 | GV1_NL_COT_P01 | [UPDATE-SUMMARY] Processed 0 market events at time 9.4
2025-10-20 20:56:17 | GV1_NL_COT_P01 | === BELIEF GRAPH STATE AT TIME 9.4 ===
2025-10-20 20:56:17 | GV1_NL_COT_P01 | {
  "MarketState": {
    "current_bid": 119,
    "current_ask": 163,
    "time_remaining": 0
  },
  "My_Trading_Beliefs": {
    "My_Market_Direction": {
      "actual_signals_I_see": "wide_spread_uncertainty",
      "my_self_belief": {
        "possible_directions": [
          "up",
          "down",
          "sideways"
        ]
      }
    },
    "My_Optimal_Entry_Price": {
      "actual_situation_I_face": "high_market_prices",
      "my_self_belief": {
        "possible_prices": []
      }
    },
    "My_Time_Urgency": {
      "actual_situation_I_face": "urgent_time_pressure",
      "my_self_belief": {
        "possible_urgency": [
          "medium",
          "high"
        ]
      }
    }
  },
  "Competitor_Trading_Beliefs": {}
}
2025-10-20 20:56:17 | GV1_NL_COT_P01 | ================================================================================
2025-10-20 20:56:17 | GV1_NL_COT_P01 | [AGENTS-TRACKED] Currently tracking 1 agents: ['P01']
2025-10-20 20:56:17 | GV1_NL_COT_P01 | [UPDATE-SUMMARY] Processed 0 market events at time 9.6
2025-10-20 20:56:17 | GV1_NL_COT_P01 | === BELIEF GRAPH STATE AT TIME 9.6 ===
2025-10-20 20:56:17 | GV1_NL_COT_P01 | {
  "MarketState": {
    "current_bid": 152,
    "current_ask": 163,
    "time_remaining": 0
  },
  "My_Trading_Beliefs": {
    "My_Market_Direction": {
      "actual_signals_I_see": "moderate_spread_activity",
      "my_self_belief": {
        "possible_directions": [
          "up",
          "down",
          "sideways"
        ]
      }
    },
    "My_Optimal_Entry_Price": {
      "actual_situation_I_face": "high_market_prices",
      "my_self_belief": {
        "possible_prices": []
      }
    },
    "My_Time_Urgency": {
      "actual_situation_I_face": "urgent_time_pressure",
      "my_self_belief": {
        "possible_urgency": [
          "medium",
          "high"
        ]
      }
    }
  },
  "Competitor_Trading_Beliefs": {}
}
2025-10-20 20:56:17 | GV1_NL_COT_P01 | ================================================================================
2025-10-20 20:56:17 | GV1_NL_COT_P01 | [AGENTS-TRACKED] Currently tracking 1 agents: ['P01']
2025-10-20 20:56:17 | GV1_NL_COT_P01 | [UPDATE-SUMMARY] Processed 0 market events at time 9.8
2025-10-20 20:56:17 | GV1_NL_COT_P01 | === BELIEF GRAPH STATE AT TIME 9.8 ===
2025-10-20 20:56:17 | GV1_NL_COT_P01 | {
  "MarketState": {
    "current_bid": 152,
    "current_ask": 163,
    "time_remaining": 0
  },
  "My_Trading_Beliefs": {
    "My_Market_Direction": {
      "actual_signals_I_see": "moderate_spread_activity",
      "my_self_belief": {
        "possible_directions": [
          "up",
          "down",
          "sideways"
        ]
      }
    },
    "My_Optimal_Entry_Price": {
      "actual_situation_I_face": "high_market_prices",
      "my_self_belief": {
        "possible_prices": []
      }
    },
    "My_Time_Urgency": {
      "actual_situation_I_face": "urgent_time_pressure",
      "my_self_belief": {
        "possible_urgency": [
          "medium",
          "high"
        ]
      }
    }
  },
  "Competitor_Trading_Beliefs": {}
}
2025-10-20 20:56:17 | GV1_NL_COT_P01 | ================================================================================
2025-10-20 20:56:17 | GV1_NL_COT_P01 | [AGENTS-TRACKED] Currently tracking 1 agents: ['P01']
2025-10-20 20:56:17 | GV1_NL_COT_P01 | [BELIEF-THROTTLE] P01: Running belief graph update at time 10.0
2025-10-20 20:56:17 | GV1_NL_COT_P01 | [LOB-ACCESS] P01: Retrieving market state from LOB at time 10.0
2025-10-20 20:56:17 | GV1_NL_COT_P01 | [LOB-DATA] best_bid from LOB: 152
2025-10-20 20:56:17 | GV1_NL_COT_P01 | [LOB-DATA] best_ask from LOB: 163
2025-10-20 20:56:17 | GV1_NL_COT_P01 | [LOB-DATA] last_trade_price from LOB tape: 176 (tape length: 192)
2025-10-20 20:56:17 | GV1_NL_COT_P01 | [TAPE-SCAN] Tape has 192 entries, processing from index 0
2025-10-20 20:56:17 | GV1_NL_COT_P01 | [TRADE-EVENT] Buyer: P00 (prop=True), Seller: S15 (prop=True), Price: $176
2025-10-20 20:56:17 | GV1_NL_COT_P01 | [NEW-AGENT] Added prop trader P00 to belief graph
2025-10-20 20:56:17 | GV1_NL_COT_P01 | === DISCRETE BELIEF INFERENCE PROMPT ===
2025-10-20 20:56:17 | GV1_NL_COT_P01 | ================================================================================
2025-10-20 20:56:17 | GV1_NL_COT_P01 | 
You are observing another trader's behavior to infer their possible states using discrete belief sets.

CURRENT EVENT:
Agent P00 just performed: trade at price 176 (quantity: 1)

AGENT'S TRADING HISTORY:
- Total trades completed: 1
- Last bid price: None
- Last ask price: None
- Recent activity:
  - trade at price 176 (qty: 1)

CURRENT MARKET STATE:
- Best bid: 152
- Best ask: 163
- Last market trade price: 176
- Bid-ask spread: N/A

EXISTING BELIEFS (Discrete Sets):


TASK:
Based on what you observe, identify the POSSIBLE values for this agent's beliefs.
Use discrete sets to represent uncertainty about their true state.

For each belief category, list the possible values that are STILL PLAUSIBLE given this observation.

Respond with ONLY a JSON object with discrete sets:
{
  "valuation": {
    "possible_valuations": [85, 90, 95]
  },
  "market_direction": {
    "possible_directions": ["up", "down", "sideways"]
  },
  "desperation_level": {
    "possible_desperation": ["calm", "moderate", "desperate"]
  },
  "cash_availability": {
    "possible_cash": ["low", "medium", "high"]
  },
  "exit_strategy": {
    "possible_exits": ["hold_till_end", "sell_early", "opportunistic"]
  },
  "confidence": 0.X,
  "reasoning": "Brief explanation of which possibilities were eliminated and why"
}

2025-10-20 20:56:17 | GV1_NL_COT_P01 | ================================================================================
2025-10-20 20:56:19 | GV1_NL_COT_P01 | === DISCRETE BELIEF INFERENCE RESPONSE ===
2025-10-20 20:56:19 | GV1_NL_COT_P01 | ```json
{
  "valuation": {
    "possible_valuations": [
      176
    ]
  },
  "market_direction": {
    "possible_directions": [
      "down",
      "sideways"
    ]
  },
  "desperation_level": {
    "possible_desperation": [
      "calm",
      "moderate",
      "desperate"
    ]
  },
  "cash_availability": {
    "possible_cash": [
      "low",
      "medium",
      "high"
    ]
  },
  "exit_strategy": {
    "possible_exits": [
      "sell_early",
      "opportunistic"
    ]
  },
  "confidence": 0.7,
  "reasoning": "The agent traded at the last market price. This suggests the agent may be willing to sell at that price. Given the best ask price, the agent is likely not convinced the price will go up much further, or possibly the agent needs to sell at this price for cash. Valuation is at the traded price. Market direction could be down since the agent is selling. Desperation level is unknown. Cash availability and exit strategy remain uncertain. A higher confidence is given based on the agent's recent trade."
}
```
2025-10-20 20:56:19 | GV1_NL_COT_P01 | ================================================================================
2025-10-20 20:56:19 | GV1_NL_COT_P01 | === DISCRETE BELIEFS UPDATED FOR P00 ===
2025-10-20 20:56:19 | GV1_NL_COT_P01 | OLD: {'confidence': 0.1, 'reasoning': 'Initial state - no observations yet'}
2025-10-20 20:56:19 | GV1_NL_COT_P01 | NEW: {'valuation': {'possible_valuations': [176]}, 'market_direction': {'possible_directions': ['down', 'sideways']}, 'desperation_level': {'possible_desperation': ['calm', 'moderate', 'desperate']}, 'cash_availability': {'possible_cash': ['low', 'medium', 'high']}, 'exit_strategy': {'possible_exits': ['sell_early', 'opportunistic']}, 'confidence': 0.7, 'reasoning': "The agent traded at the last market price. This suggests the agent may be willing to sell at that price. Given the best ask price, the agent is likely not convinced the price will go up much further, or possibly the agent needs to sell at this price for cash. Valuation is at the traded price. Market direction could be down since the agent is selling. Desperation level is unknown. Cash availability and exit strategy remain uncertain. A higher confidence is given based on the agent's recent trade."}
2025-10-20 20:56:19 | GV1_NL_COT_P01 | ================================================================================
2025-10-20 20:56:19 | GV1_NL_COT_P01 | [NEW-AGENT] Added prop trader S15 to belief graph
2025-10-20 20:56:19 | GV1_NL_COT_P01 | === DISCRETE BELIEF INFERENCE PROMPT ===
2025-10-20 20:56:19 | GV1_NL_COT_P01 | ================================================================================
2025-10-20 20:56:19 | GV1_NL_COT_P01 | 
You are observing another trader's behavior to infer their possible states using discrete belief sets.

CURRENT EVENT:
Agent S15 just performed: trade at price 176 (quantity: 1)

AGENT'S TRADING HISTORY:
- Total trades completed: 1
- Last bid price: None
- Last ask price: None
- Recent activity:
  - trade at price 176 (qty: 1)

CURRENT MARKET STATE:
- Best bid: 152
- Best ask: 163
- Last market trade price: 176
- Bid-ask spread: 11

EXISTING BELIEFS (Discrete Sets):


TASK:
Based on what you observe, identify the POSSIBLE values for this agent's beliefs.
Use discrete sets to represent uncertainty about their true state.

For each belief category, list the possible values that are STILL PLAUSIBLE given this observation.

Respond with ONLY a JSON object with discrete sets:
{
  "valuation": {
    "possible_valuations": [85, 90, 95]
  },
  "market_direction": {
    "possible_directions": ["up", "down", "sideways"]
  },
  "desperation_level": {
    "possible_desperation": ["calm", "moderate", "desperate"]
  },
  "cash_availability": {
    "possible_cash": ["low", "medium", "high"]
  },
  "exit_strategy": {
    "possible_exits": ["hold_till_end", "sell_early", "opportunistic"]
  },
  "confidence": 0.X,
  "reasoning": "Brief explanation of which possibilities were eliminated and why"
}

2025-10-20 20:56:19 | GV1_NL_COT_P01 | ================================================================================
2025-10-20 20:56:22 | GV1_NL_COT_P01 | === DISCRETE BELIEF INFERENCE RESPONSE ===
2025-10-20 20:56:22 | GV1_NL_COT_P01 | ```json
{
  "valuation": {
    "possible_valuations": [
      164,
      170,
      176,
      180,
      185,
      190
    ]
  },
  "market_direction": {
    "possible_directions": [
      "up",
      "sideways"
    ]
  },
  "desperation_level": {
    "possible_desperation": [
      "calm",
      "moderate"
    ]
  },
  "cash_availability": {
    "possible_cash": [
      "low",
      "medium",
      "high"
    ]
  },
  "exit_strategy": {
    "possible_exits": [
      "hold_till_end",
      "opportunistic"
    ]
  },
  "confidence": 0.8,
  "reasoning": "The agent traded at 176, which is significantly above the best ask (163) and the last trade price. This implies the agent either has a high valuation or believes the market is going up. It's likely not desperate, as the trade suggests they were willing to pay a premium. Low confidence is ruled out. Cash availability cannot be inferred from a single trade. Early sell is unlikely. Valuations below 164 are impossible, as they wouldn't justify the trade price. Market direction 'down' is less likely, but still possible, since an agent with a low valuation might be trying to offload the asset fast. 'Desperate' is unlikely, as the agent is not accepting the bid price, but rather hitting the last traded price. 'sell_early' is eliminated because the agent is trading at the last traded price."
}
```
2025-10-20 20:56:22 | GV1_NL_COT_P01 | ================================================================================
2025-10-20 20:56:22 | GV1_NL_COT_P01 | === DISCRETE BELIEFS UPDATED FOR S15 ===
2025-10-20 20:56:22 | GV1_NL_COT_P01 | OLD: {'confidence': 0.1, 'reasoning': 'Initial state - no observations yet'}
2025-10-20 20:56:22 | GV1_NL_COT_P01 | NEW: {'valuation': {'possible_valuations': [164, 170, 176, 180, 185, 190]}, 'market_direction': {'possible_directions': ['up', 'sideways']}, 'desperation_level': {'possible_desperation': ['calm', 'moderate']}, 'cash_availability': {'possible_cash': ['low', 'medium', 'high']}, 'exit_strategy': {'possible_exits': ['hold_till_end', 'opportunistic']}, 'confidence': 0.8, 'reasoning': "The agent traded at 176, which is significantly above the best ask (163) and the last trade price. This implies the agent either has a high valuation or believes the market is going up. It's likely not desperate, as the trade suggests they were willing to pay a premium. Low confidence is ruled out. Cash availability cannot be inferred from a single trade. Early sell is unlikely. Valuations below 164 are impossible, as they wouldn't justify the trade price. Market direction 'down' is less likely, but still possible, since an agent with a low valuation might be trying to offload the asset fast. 'Desperate' is unlikely, as the agent is not accepting the bid price, but rather hitting the last traded price. 'sell_early' is eliminated because the agent is trading at the last traded price."}
2025-10-20 20:56:22 | GV1_NL_COT_P01 | ================================================================================
2025-10-20 20:56:22 | GV1_NL_COT_P01 | [NEW-AGENT] Added prop trader B19 to belief graph
2025-10-20 20:56:22 | GV1_NL_COT_P01 | === DISCRETE BELIEF INFERENCE PROMPT ===
2025-10-20 20:56:22 | GV1_NL_COT_P01 | ================================================================================
2025-10-20 20:56:22 | GV1_NL_COT_P01 | 
You are observing another trader's behavior to infer their possible states using discrete belief sets.

CURRENT EVENT:
Agent B19 just performed: bid at price 152 (quantity: 1)

AGENT'S TRADING HISTORY:
- Total trades completed: 0
- Last bid price: 152
- Last ask price: None
- Recent activity:
  - bid at price 152 (qty: 1)

CURRENT MARKET STATE:
- Best bid: 152
- Best ask: 163
- Last market trade price: 176
- Bid-ask spread: 11

EXISTING BELIEFS (Discrete Sets):


TASK:
Based on what you observe, identify the POSSIBLE values for this agent's beliefs.
Use discrete sets to represent uncertainty about their true state.

For each belief category, list the possible values that are STILL PLAUSIBLE given this observation.

Respond with ONLY a JSON object with discrete sets:
{
  "valuation": {
    "possible_valuations": [85, 90, 95]
  },
  "market_direction": {
    "possible_directions": ["up", "down", "sideways"]
  },
  "desperation_level": {
    "possible_desperation": ["calm", "moderate", "desperate"]
  },
  "cash_availability": {
    "possible_cash": ["low", "medium", "high"]
  },
  "exit_strategy": {
    "possible_exits": ["hold_till_end", "sell_early", "opportunistic"]
  },
  "confidence": 0.X,
  "reasoning": "Brief explanation of which possibilities were eliminated and why"
}

2025-10-20 20:56:22 | GV1_NL_COT_P01 | ================================================================================
2025-10-20 20:56:24 | GV1_NL_COT_P01 | === DISCRETE BELIEF INFERENCE RESPONSE ===
2025-10-20 20:56:24 | GV1_NL_COT_P01 | ```json
{
  "valuation": {
    "possible_valuations": [
      152,
      155,
      160,
      165
    ]
  },
  "market_direction": {
    "possible_directions": [
      "up",
      "sideways"
    ]
  },
  "desperation_level": {
    "possible_desperation": [
      "calm",
      "moderate"
    ]
  },
  "cash_availability": {
    "possible_cash": [
      "low",
      "medium",
      "high"
    ]
  },
  "exit_strategy": {
    "possible_exits": [
      "hold_till_end",
      "opportunistic"
    ]
  },
  "confidence": 0.7,
  "reasoning": "The agent bid at 152, which is the best bid, suggesting they believe the asset is worth at least that much.  Valuations below 152 are unlikely. Since the bid is at the best bid, it is more likely they are not desperate and have a calm to moderate temperament. Market direction is likely up or sideways (not down) as they are actively buying at the best bid. Cash availability is not directly inferable but assumed not to be severely limited. Exit strategy includes hold till end and opportunistic (willing to trade now), but less likely to sell early. Confidence is moderate due to limited observation."
}
```
2025-10-20 20:56:24 | GV1_NL_COT_P01 | ================================================================================
2025-10-20 20:56:24 | GV1_NL_COT_P01 | === DISCRETE BELIEFS UPDATED FOR B19 ===
2025-10-20 20:56:24 | GV1_NL_COT_P01 | OLD: {'confidence': 0.1, 'reasoning': 'Initial state - no observations yet'}
2025-10-20 20:56:24 | GV1_NL_COT_P01 | NEW: {'valuation': {'possible_valuations': [152, 155, 160, 165]}, 'market_direction': {'possible_directions': ['up', 'sideways']}, 'desperation_level': {'possible_desperation': ['calm', 'moderate']}, 'cash_availability': {'possible_cash': ['low', 'medium', 'high']}, 'exit_strategy': {'possible_exits': ['hold_till_end', 'opportunistic']}, 'confidence': 0.7, 'reasoning': 'The agent bid at 152, which is the best bid, suggesting they believe the asset is worth at least that much.  Valuations below 152 are unlikely. Since the bid is at the best bid, it is more likely they are not desperate and have a calm to moderate temperament. Market direction is likely up or sideways (not down) as they are actively buying at the best bid. Cash availability is not directly inferable but assumed not to be severely limited. Exit strategy includes hold till end and opportunistic (willing to trade now), but less likely to sell early. Confidence is moderate due to limited observation.'}
2025-10-20 20:56:24 | GV1_NL_COT_P01 | ================================================================================
2025-10-20 20:56:24 | GV1_NL_COT_P01 | [NEW-AGENT] Added prop trader P02 to belief graph
2025-10-20 20:56:24 | GV1_NL_COT_P01 | === DISCRETE BELIEF INFERENCE PROMPT ===
2025-10-20 20:56:24 | GV1_NL_COT_P01 | ================================================================================
2025-10-20 20:56:24 | GV1_NL_COT_P01 | 
You are observing another trader's behavior to infer their possible states using discrete belief sets.

CURRENT EVENT:
Agent P02 just performed: bid at price 118 (quantity: 1)

AGENT'S TRADING HISTORY:
- Total trades completed: 0
- Last bid price: 118
- Last ask price: None
- Recent activity:
  - bid at price 118 (qty: 1)

CURRENT MARKET STATE:
- Best bid: 152
- Best ask: 163
- Last market trade price: 176
- Bid-ask spread: 11

EXISTING BELIEFS (Discrete Sets):


TASK:
Based on what you observe, identify the POSSIBLE values for this agent's beliefs.
Use discrete sets to represent uncertainty about their true state.

For each belief category, list the possible values that are STILL PLAUSIBLE given this observation.

Respond with ONLY a JSON object with discrete sets:
{
  "valuation": {
    "possible_valuations": [85, 90, 95]
  },
  "market_direction": {
    "possible_directions": ["up", "down", "sideways"]
  },
  "desperation_level": {
    "possible_desperation": ["calm", "moderate", "desperate"]
  },
  "cash_availability": {
    "possible_cash": ["low", "medium", "high"]
  },
  "exit_strategy": {
    "possible_exits": ["hold_till_end", "sell_early", "opportunistic"]
  },
  "confidence": 0.X,
  "reasoning": "Brief explanation of which possibilities were eliminated and why"
}

2025-10-20 20:56:24 | GV1_NL_COT_P01 | ================================================================================
2025-10-20 20:56:26 | GV1_NL_COT_P01 | === DISCRETE BELIEF INFERENCE RESPONSE ===
2025-10-20 20:56:26 | GV1_NL_COT_P01 | ```json
{
  "valuation": {
    "possible_valuations": [
      85,
      90,
      95,
      100,
      105,
      110,
      115,
      120
    ]
  },
  "market_direction": {
    "possible_directions": [
      "down",
      "sideways"
    ]
  },
  "desperation_level": {
    "possible_desperation": [
      "calm",
      "moderate"
    ]
  },
  "cash_availability": {
    "possible_cash": [
      "medium",
      "high"
    ]
  },
  "exit_strategy": {
    "possible_exits": [
      "sell_early",
      "opportunistic"
    ]
  },
  "confidence": 0.6,
  "reasoning": "The agent bid at 118, far below the best bid of 152 and last trade of 176. This suggests the agent may believe the valuation of the asset is at least 118 or higher. Because the bid price is significantly lower than the current best bid, it is unlikely they are desperate. Since they are bidding far from the last trade price and the current best bid, they likely have time (medium/high cash) and are not urgently trying to buy. The market is not moving up for them to bid that low, so the market direction may be down or sideways."
}
```
2025-10-20 20:56:26 | GV1_NL_COT_P01 | ================================================================================
2025-10-20 20:56:26 | GV1_NL_COT_P01 | === DISCRETE BELIEFS UPDATED FOR P02 ===
2025-10-20 20:56:26 | GV1_NL_COT_P01 | OLD: {'confidence': 0.1, 'reasoning': 'Initial state - no observations yet'}
2025-10-20 20:56:26 | GV1_NL_COT_P01 | NEW: {'valuation': {'possible_valuations': [85, 90, 95, 100, 105, 110, 115, 120]}, 'market_direction': {'possible_directions': ['down', 'sideways']}, 'desperation_level': {'possible_desperation': ['calm', 'moderate']}, 'cash_availability': {'possible_cash': ['medium', 'high']}, 'exit_strategy': {'possible_exits': ['sell_early', 'opportunistic']}, 'confidence': 0.6, 'reasoning': 'The agent bid at 118, far below the best bid of 152 and last trade of 176. This suggests the agent may believe the valuation of the asset is at least 118 or higher. Because the bid price is significantly lower than the current best bid, it is unlikely they are desperate. Since they are bidding far from the last trade price and the current best bid, they likely have time (medium/high cash) and are not urgently trying to buy. The market is not moving up for them to bid that low, so the market direction may be down or sideways.'}
2025-10-20 20:56:26 | GV1_NL_COT_P01 | ================================================================================
2025-10-20 20:56:26 | GV1_NL_COT_P01 | [NEW-AGENT] Added prop trader B00 to belief graph
2025-10-20 20:56:26 | GV1_NL_COT_P01 | === DISCRETE BELIEF INFERENCE PROMPT ===
2025-10-20 20:56:26 | GV1_NL_COT_P01 | ================================================================================
2025-10-20 20:56:26 | GV1_NL_COT_P01 | 
You are observing another trader's behavior to infer their possible states using discrete belief sets.

CURRENT EVENT:
Agent B00 just performed: bid at price 105 (quantity: 1)

AGENT'S TRADING HISTORY:
- Total trades completed: 0
- Last bid price: 105
- Last ask price: None
- Recent activity:
  - bid at price 105 (qty: 1)

CURRENT MARKET STATE:
- Best bid: 152
- Best ask: 163
- Last market trade price: 176
- Bid-ask spread: 11

EXISTING BELIEFS (Discrete Sets):


TASK:
Based on what you observe, identify the POSSIBLE values for this agent's beliefs.
Use discrete sets to represent uncertainty about their true state.

For each belief category, list the possible values that are STILL PLAUSIBLE given this observation.

Respond with ONLY a JSON object with discrete sets:
{
  "valuation": {
    "possible_valuations": [85, 90, 95]
  },
  "market_direction": {
    "possible_directions": ["up", "down", "sideways"]
  },
  "desperation_level": {
    "possible_desperation": ["calm", "moderate", "desperate"]
  },
  "cash_availability": {
    "possible_cash": ["low", "medium", "high"]
  },
  "exit_strategy": {
    "possible_exits": ["hold_till_end", "sell_early", "opportunistic"]
  },
  "confidence": 0.X,
  "reasoning": "Brief explanation of which possibilities were eliminated and why"
}

2025-10-20 20:56:26 | GV1_NL_COT_P01 | ================================================================================
2025-10-20 20:56:29 | GV1_NL_COT_P01 | === DISCRETE BELIEF INFERENCE RESPONSE ===
2025-10-20 20:56:29 | GV1_NL_COT_P01 | ```json
{
  "valuation": {
    "possible_valuations": [
      106,
      110,
      115,
      120,
      125,
      130,
      135,
      140,
      145,
      150,
      155,
      160,
      165,
      170,
      175,
      180,
      185,
      190
    ]
  },
  "market_direction": {
    "possible_directions": [
      "up",
      "down",
      "sideways"
    ]
  },
  "desperation_level": {
    "possible_desperation": [
      "calm",
      "moderate"
    ]
  },
  "cash_availability": {
    "possible_cash": [
      "low",
      "medium",
      "high"
    ]
  },
  "exit_strategy": {
    "possible_exits": [
      "hold_till_end",
      "opportunistic"
    ]
  },
  "confidence": 0.7,
  "reasoning": "The agent bid at 105 when the best bid is 152 and last trade was 176. This implies the agent may have low valuation. I considered the bid as opportunistic or calm, not desperate since it is an initial bid. Market direction can't be easily inferred from a single bid. Cash availability is not directly inferable. Hold till end, is considered since it is the only activity from this agent."
}
```
2025-10-20 20:56:29 | GV1_NL_COT_P01 | ================================================================================
2025-10-20 20:56:29 | GV1_NL_COT_P01 | === DISCRETE BELIEFS UPDATED FOR B00 ===
2025-10-20 20:56:29 | GV1_NL_COT_P01 | OLD: {'confidence': 0.1, 'reasoning': 'Initial state - no observations yet'}
2025-10-20 20:56:29 | GV1_NL_COT_P01 | NEW: {'valuation': {'possible_valuations': [106, 110, 115, 120, 125, 130, 135, 140, 145, 150, 155, 160, 165, 170, 175, 180, 185, 190]}, 'market_direction': {'possible_directions': ['up', 'down', 'sideways']}, 'desperation_level': {'possible_desperation': ['calm', 'moderate']}, 'cash_availability': {'possible_cash': ['low', 'medium', 'high']}, 'exit_strategy': {'possible_exits': ['hold_till_end', 'opportunistic']}, 'confidence': 0.7, 'reasoning': "The agent bid at 105 when the best bid is 152 and last trade was 176. This implies the agent may have low valuation. I considered the bid as opportunistic or calm, not desperate since it is an initial bid. Market direction can't be easily inferred from a single bid. Cash availability is not directly inferable. Hold till end, is considered since it is the only activity from this agent."}
2025-10-20 20:56:29 | GV1_NL_COT_P01 | ================================================================================
2025-10-20 20:56:29 | GV1_NL_COT_P01 | === DISCRETE BELIEF INFERENCE PROMPT ===
2025-10-20 20:56:29 | GV1_NL_COT_P01 | ================================================================================
2025-10-20 20:56:29 | GV1_NL_COT_P01 | 
You are observing another trader's behavior to infer their possible states using discrete belief sets.

CURRENT EVENT:
Agent S15 just performed: ask at price 163 (quantity: 1)

AGENT'S TRADING HISTORY:
- Total trades completed: 1
- Last bid price: None
- Last ask price: 163
- Recent activity:
  - trade at price 176 (qty: 1)
  - ask at price 163 (qty: 1)

CURRENT MARKET STATE:
- Best bid: 152
- Best ask: 163
- Last market trade price: 176
- Bid-ask spread: 11

EXISTING BELIEFS (Discrete Sets):
- valuation: {'possible_valuations': [164, 170, 176, 180, 185, 190]}
- market_direction: {'possible_directions': ['up', 'sideways']}
- desperation_level: {'possible_desperation': ['calm', 'moderate']}
- cash_availability: {'possible_cash': ['low', 'medium', 'high']}
- exit_strategy: {'possible_exits': ['hold_till_end', 'opportunistic']}

TASK:
Based on what you observe, identify the POSSIBLE values for this agent's beliefs.
Use discrete sets to represent uncertainty about their true state.

For each belief category, list the possible values that are STILL PLAUSIBLE given this observation.

Respond with ONLY a JSON object with discrete sets:
{
  "valuation": {
    "possible_valuations": [85, 90, 95]
  },
  "market_direction": {
    "possible_directions": ["up", "down", "sideways"]
  },
  "desperation_level": {
    "possible_desperation": ["calm", "moderate", "desperate"]
  },
  "cash_availability": {
    "possible_cash": ["low", "medium", "high"]
  },
  "exit_strategy": {
    "possible_exits": ["hold_till_end", "sell_early", "opportunistic"]
  },
  "confidence": 0.X,
  "reasoning": "Brief explanation of which possibilities were eliminated and why"
}

2025-10-20 20:56:29 | GV1_NL_COT_P01 | ================================================================================
2025-10-20 20:56:31 | GV1_NL_COT_P01 | === DISCRETE BELIEF INFERENCE RESPONSE ===
2025-10-20 20:56:31 | GV1_NL_COT_P01 | ```json
{
  "valuation": {
    "possible_valuations": [
      164,
      170,
      176,
      180,
      185,
      190
    ]
  },
  "market_direction": {
    "possible_directions": [
      "sideways",
      "up"
    ]
  },
  "desperation_level": {
    "possible_desperation": [
      "calm",
      "moderate"
    ]
  },
  "cash_availability": {
    "possible_cash": [
      "low",
      "medium",
      "high"
    ]
  },
  "exit_strategy": {
    "possible_exits": [
      "hold_till_end",
      "opportunistic"
    ]
  },
  "confidence": 0.85,
  "reasoning": "The agent placed an ask at 163, which is the best ask, indicating they are willing to sell at that price. Given the prior trade at 176, the valuation is likely at least 164. The direction is likely sideways or up given the current market state. The desperation level is likely calm or moderate. All cash levels remain plausible. Opportunistic exits are still possible. Hold till end remains possible.  Selling early is less likely given that the ask is at the best ask."
}
```
2025-10-20 20:56:31 | GV1_NL_COT_P01 | ================================================================================
2025-10-20 20:56:31 | GV1_NL_COT_P01 | === DISCRETE BELIEFS UPDATED FOR S15 ===
2025-10-20 20:56:31 | GV1_NL_COT_P01 | OLD: {'valuation': {'possible_valuations': [164, 170, 176, 180, 185, 190]}, 'market_direction': {'possible_directions': ['up', 'sideways']}, 'desperation_level': {'possible_desperation': ['calm', 'moderate']}, 'cash_availability': {'possible_cash': ['low', 'medium', 'high']}, 'exit_strategy': {'possible_exits': ['hold_till_end', 'opportunistic']}, 'confidence': 0.8, 'reasoning': "The agent traded at 176, which is significantly above the best ask (163) and the last trade price. This implies the agent either has a high valuation or believes the market is going up. It's likely not desperate, as the trade suggests they were willing to pay a premium. Low confidence is ruled out. Cash availability cannot be inferred from a single trade. Early sell is unlikely. Valuations below 164 are impossible, as they wouldn't justify the trade price. Market direction 'down' is less likely, but still possible, since an agent with a low valuation might be trying to offload the asset fast. 'Desperate' is unlikely, as the agent is not accepting the bid price, but rather hitting the last traded price. 'sell_early' is eliminated because the agent is trading at the last traded price."}
2025-10-20 20:56:31 | GV1_NL_COT_P01 | NEW: {'valuation': {'possible_valuations': [164, 170, 176, 180, 185, 190]}, 'market_direction': {'possible_directions': ['sideways', 'up']}, 'desperation_level': {'possible_desperation': ['calm', 'moderate']}, 'cash_availability': {'possible_cash': ['low', 'medium', 'high']}, 'exit_strategy': {'possible_exits': ['hold_till_end', 'opportunistic']}, 'confidence': 0.85, 'reasoning': 'The agent placed an ask at 163, which is the best ask, indicating they are willing to sell at that price. Given the prior trade at 176, the valuation is likely at least 164. The direction is likely sideways or up given the current market state. The desperation level is likely calm or moderate. All cash levels remain plausible. Opportunistic exits are still possible. Hold till end remains possible.  Selling early is less likely given that the ask is at the best ask.'}
2025-10-20 20:56:31 | GV1_NL_COT_P01 | ================================================================================
2025-10-20 20:56:31 | GV1_NL_COT_P01 | [NEW-AGENT] Added prop trader S09 to belief graph
2025-10-20 20:56:31 | GV1_NL_COT_P01 | === DISCRETE BELIEF INFERENCE PROMPT ===
2025-10-20 20:56:31 | GV1_NL_COT_P01 | ================================================================================
2025-10-20 20:56:31 | GV1_NL_COT_P01 | 
You are observing another trader's behavior to infer their possible states using discrete belief sets.

CURRENT EVENT:
Agent S09 just performed: ask at price 295 (quantity: 1)

AGENT'S TRADING HISTORY:
- Total trades completed: 0
- Last bid price: None
- Last ask price: 295
- Recent activity:
  - ask at price 295 (qty: 1)

CURRENT MARKET STATE:
- Best bid: 152
- Best ask: 163
- Last market trade price: 176
- Bid-ask spread: 11

EXISTING BELIEFS (Discrete Sets):


TASK:
Based on what you observe, identify the POSSIBLE values for this agent's beliefs.
Use discrete sets to represent uncertainty about their true state.

For each belief category, list the possible values that are STILL PLAUSIBLE given this observation.

Respond with ONLY a JSON object with discrete sets:
{
  "valuation": {
    "possible_valuations": [85, 90, 95]
  },
  "market_direction": {
    "possible_directions": ["up", "down", "sideways"]
  },
  "desperation_level": {
    "possible_desperation": ["calm", "moderate", "desperate"]
  },
  "cash_availability": {
    "possible_cash": ["low", "medium", "high"]
  },
  "exit_strategy": {
    "possible_exits": ["hold_till_end", "sell_early", "opportunistic"]
  },
  "confidence": 0.X,
  "reasoning": "Brief explanation of which possibilities were eliminated and why"
}

2025-10-20 20:56:31 | GV1_NL_COT_P01 | ================================================================================
2025-10-20 20:56:33 | GV1_NL_COT_P01 | === DISCRETE BELIEF INFERENCE RESPONSE ===
2025-10-20 20:56:33 | GV1_NL_COT_P01 | ```json
{
  "valu